=== Daily build started: sáb 20 jun 2026 06:04:17 UTC ===
🚀 Pipeline completo para 2026-06-20
==================================================

📝 Etapa 1/4 — Processamento do roteiro
✅ Roteiro 2026-06-20 preenchido automaticamente a partir do raw.
📄 Processando roteiro: /home/osmar/web-jornal-vale-da-liberdade/episodes/2026-06-20.md (430 palavras)
  ✅ TTS gerado: /home/osmar/web-jornal-vale-da-liberdade/episodes/2026-06-20-tts.txt
  ✅ Manchetes geradas: /home/osmar/web-jornal-vale-da-liberdade/episodes/2026-06-20-manchetes.txt
  ✅ Metadados gerados: /home/osmar/web-jornal-vale-da-liberdade/episodes/2026-06-20-metadata.json
     📊 430 palavras, ~2.9 min
     📊 Quadros: seguranca, saude, politica

🔍 Etapa 2/4 — Validação

🔍 Validação do episódio 2026-06-20:
   Arquivo: /home/osmar/web-jornal-vale-da-liberdade/episodes/2026-06-20.md
   Palavras: 430

⚠️  4 problema(s) encontrado(s):

  ❌ Quadro obrigatório ausente: Educação
  ❌ Quadro obrigatório ausente: Esportes e Interesse Comunitário
  ⚠️ Poucas referências ao viés libertário (recomendado: pelo menos 3 menções)
  ⚠️ Roteiro curto (430 palavras) — meta: 2000-2500 palavras (~15 min)

⚠️  Episódio tem problemas. Continuando mesmo assim...

🎙️  Etapa 3/4 — Geração de áudio

🎙️  Gerando áudio multi-locutor...
   Input: /home/osmar/web-jornal-vale-da-liberdade/episodes/2026-06-20-tts.txt
   Output: /home/osmar/web-jornal-vale-da-liberdade/audio/2026-06-20-completo.wav
  ✅ Áudio gerado: /home/osmar/web-jornal-vale-da-liberdade/audio/2026-06-20-completo.wav
  ✅ MP3 final com pós-processamento: /home/osmar/web-jornal-vale-da-liberdade/audio/2026-06-20-vale-da-liberdade.mp3

📁 Etapa 4/4 — Atualização do índice
  ✅ Índice atualizado: /home/osmar/web-jornal-vale-da-liberdade/archive/index.md

==================================================
✅ Pipeline completo finalizado para 2026-06-20
=== Daily build finished: sáb 20 jun 2026 06:05:28 UTC ===
