=== Daily build started: sex 19 jun 2026 14:28:15 UTC ===
🚀 Pipeline completo para 2026-06-19
==================================================

📝 Etapa 1/4 — Processamento do roteiro
✅ Roteiro 2026-06-19 preenchido automaticamente a partir do raw.
📄 Processando roteiro: /home/osmar/web-jornal-vale-da-liberdade/episodes/2026-06-19.md (769 palavras)
  ✅ TTS gerado: /home/osmar/web-jornal-vale-da-liberdade/episodes/2026-06-19-tts.txt
  ✅ Manchetes geradas: /home/osmar/web-jornal-vale-da-liberdade/episodes/2026-06-19-manchetes.txt
  ✅ Metadados gerados: /home/osmar/web-jornal-vale-da-liberdade/episodes/2026-06-19-metadata.json
     📊 769 palavras, ~5.1 min
     📊 Quadros: seguranca, saude, educacao, esportes, politica, infraestrutura, cultura

🔍 Etapa 2/4 — Validação

🔍 Validação do episódio 2026-06-19:
   Arquivo: /home/osmar/web-jornal-vale-da-liberdade/episodes/2026-06-19.md
   Palavras: 769

⚠️  2 problema(s) encontrado(s):

  ⚠️ Poucas referências ao viés libertário (recomendado: pelo menos 3 menções)
  ⚠️ Roteiro curto (769 palavras) — meta: 2000-2500 palavras (~15 min)

⚠️  Episódio tem problemas. Continuando mesmo assim...

🎙️  Etapa 3/4 — Geração de áudio

🎙️  Gerando áudio multi-locutor...
   Input: /home/osmar/web-jornal-vale-da-liberdade/episodes/2026-06-19-tts.txt
   Output: /home/osmar/web-jornal-vale-da-liberdade/audio/2026-06-19-completo.wav
  ✅ Áudio gerado: /home/osmar/web-jornal-vale-da-liberdade/audio/2026-06-19-completo.wav
  ✅ MP3 final com pós-processamento: /home/osmar/web-jornal-vale-da-liberdade/audio/2026-06-19-vale-da-liberdade.mp3

📁 Etapa 4/4 — Atualização do índice
  ℹ️  2026-06-19 já está no índice

==================================================
✅ Pipeline completo finalizado para 2026-06-19
=== Daily build finished: sex 19 jun 2026 14:30:01 UTC ===
