=== Daily build started: ter 23 jun 2026 11:19:59 UTC ===
🚀 Pipeline completo para 2026-06-23
==================================================

📝 Etapa 1/4 — Processamento do roteiro
✅ Roteiro já populado com conteúdo rico, mantendo.
📄 Processando roteiro: /home/osmar/web-jornal-vale-da-liberdade/episodes/2026-06-23.md (917 palavras)
  ✅ TTS gerado: /home/osmar/web-jornal-vale-da-liberdade/episodes/2026-06-23-tts.txt
  ✅ Manchetes geradas: /home/osmar/web-jornal-vale-da-liberdade/episodes/2026-06-23-manchetes.txt

🔍 Validação do episódio 2026-06-23:
   Arquivo: /home/osmar/web-jornal-vale-da-liberdade/episodes/2026-06-23.md
   Palavras: 917

⚠️  1 aviso(s) encontrado(s):

  ⚠️ Roteiro curto (917 palavras) — meta: 2000-2500 palavras (~15 min)
  ✅ Metadados gerados: /home/osmar/web-jornal-vale-da-liberdade/episodes/2026-06-23-metadata.json
     📊 917 palavras, ~6.1 min
     📊 Quadros: seguranca, educacao, saude, politica, esportes, brasil, mundo, rapidinhas

🔍 Etapa 2/4 — Validação

🔍 Validação do episódio 2026-06-23:
   Arquivo: /home/osmar/web-jornal-vale-da-liberdade/episodes/2026-06-23.md
   Palavras: 917

⚠️  1 aviso(s) encontrado(s):

  ⚠️ Roteiro curto (917 palavras) — meta: 2000-2500 palavras (~15 min)

⚠️  Episódio tem avisos (mas válido):
  ⚠️ Roteiro curto (917 palavras) — meta: 2000-2500 palavras (~15 min)

🎙️  Etapa 3/4 — Geração de áudio

🎙️  Gerando áudio multi-locutor...
   Input: /home/osmar/web-jornal-vale-da-liberdade/episodes/2026-06-23-tts.txt
   Output: /home/osmar/web-jornal-vale-da-liberdade/audio/2026-06-23-completo.wav
  ✅ Áudio gerado: /home/osmar/web-jornal-vale-da-liberdade/audio/2026-06-23-completo.wav
  ✅ MP3 final com pós-processamento: /home/osmar/web-jornal-vale-da-liberdade/audio/2026-06-23-vale-da-liberdade.mp3

📁 Etapa 4/4 — Atualização do índice
  ✅ Índice atualizado: /home/osmar/web-jornal-vale-da-liberdade/archive/index.md

==================================================
✅ Pipeline completo finalizado para 2026-06-23
=== Daily build finished: ter 23 jun 2026 11:23:04 UTC ===
